---
source: crates/jarl-cli/tests/integration/allow_dirty.rs
expression: "&mut\nCommand::new(binary_path()).current_dir(directory).arg(\"check\").arg(\".\").arg(\"--fix\").run().normalize_os_executable_name()"
---
success: false
exit_code: 255
----- stdout -----

----- stderr -----
Error: the working directory of this package has uncommitted changes, and `jarl check --fix` can potentially perform destructive changes; if you'd like to suppress this error pass `--allow-dirty`, or commit the changes to these files:

  * test.R (dirty)



----- args -----
check . --fix
