---
source: crates/jarl-core/src/lints/base/condition_message/mod.rs
expression: "get_unsafe_fixed_text(vec![\"stop(paste0('hello ', 'there'))\",\n\"stop(paste0('hello ', 'there'), call. = FALSE)\",\n\"stop(paste0('hello ', 'there'), domain = foo)\",\n\"stop(call. = FALSE, paste0('hello ', 'there'), domain = foo)\",\n\"warning(paste0('hello ', 'there'))\",\n\"warning(paste0('hello ', 'there'), call. = FALSE)\",\n\"warning(paste0('hello ', 'there'), domain = foo)\",\n\"warning(paste0('hello ', 'there'), immediate. = FALSE)\",\n\"warning(paste0('hello ', 'there'), noBreaks. = FALSE)\",\n\"warning(call. = FALSE, paste0('hello ', 'there'), domain = foo)\",],\n\"condition_message\",)"
---
OLD:
====
stop(paste0('hello ', 'there'))
NEW:
====
stop('hello ', 'there')

OLD:
====
stop(paste0('hello ', 'there'), call. = FALSE)
NEW:
====
stop('hello ', 'there', call. = FALSE)

OLD:
====
stop(paste0('hello ', 'there'), domain = foo)
NEW:
====
stop('hello ', 'there', domain = foo)

OLD:
====
stop(call. = FALSE, paste0('hello ', 'there'), domain = foo)
NEW:
====
stop('hello ', 'there', call. = FALSE, domain = foo)

OLD:
====
warning(paste0('hello ', 'there'))
NEW:
====
warning('hello ', 'there')

OLD:
====
warning(paste0('hello ', 'there'), call. = FALSE)
NEW:
====
warning('hello ', 'there', call. = FALSE)

OLD:
====
warning(paste0('hello ', 'there'), domain = foo)
NEW:
====
warning('hello ', 'there', domain = foo)

OLD:
====
warning(paste0('hello ', 'there'), immediate. = FALSE)
NEW:
====
warning('hello ', 'there', immediate. = FALSE)

OLD:
====
warning(paste0('hello ', 'there'), noBreaks. = FALSE)
NEW:
====
warning('hello ', 'there', noBreaks. = FALSE)

OLD:
====
warning(call. = FALSE, paste0('hello ', 'there'), domain = foo)
NEW:
====
warning('hello ', 'there', call. = FALSE, domain = foo)
