---
source: crates/jarl-core/src/lints/base/condition_message/mod.rs
expression: "get_unsafe_fixed_text(vec![\"stop( # a comment\\n  paste0('hello')\\n)\",\n\"stop(paste0('hello'), call. = TRUE) # trailing comment\",],\n\"condition_message\",)"
---
OLD:
====
stop( # a comment
  paste0('hello')
)
NEW:
====
stop( # a comment
  paste0('hello')
)

OLD:
====
stop(paste0('hello'), call. = TRUE) # trailing comment
NEW:
====
stop('hello', call. = TRUE) # trailing comment
