---
source: crates/jarl-core/src/lints/testthat/expect_no_match/mod.rs
expression: "get_fixed_text(vec![\"expect_false(grepl('fun', 'Testing is fun'))\",\n\"testthat::expect_false(grepl('fun', 'Testing is fun'))\",\n\"expect_false(grepl(pattern = 'fun', x = 'Testing is fun'))\",\n\"expect_false(grepl(x = 'Testing is fun', perl = TRUE, pattern = 'fun'))\",\n\"expect_false(grepl('fun', 'Testing is fun', perl = TRUE, fixed = FALSE))\",],\n\"expect_no_match\", None,)"
---
OLD:
====
expect_false(grepl('fun', 'Testing is fun'))
NEW:
====
expect_no_match('Testing is fun', 'fun')

OLD:
====
testthat::expect_false(grepl('fun', 'Testing is fun'))
NEW:
====
testthat::expect_no_match('Testing is fun', 'fun')

OLD:
====
expect_false(grepl(pattern = 'fun', x = 'Testing is fun'))
NEW:
====
expect_no_match('Testing is fun', 'fun')

OLD:
====
expect_false(grepl(x = 'Testing is fun', perl = TRUE, pattern = 'fun'))
NEW:
====
expect_no_match('Testing is fun', 'fun', perl = TRUE)

OLD:
====
expect_false(grepl('fun', 'Testing is fun', perl = TRUE, fixed = FALSE))
NEW:
====
expect_no_match('Testing is fun', 'fun', perl = TRUE, fixed = FALSE)
