---
source: crates/flir-cli/tests/integration/help.rs
expression: "Command::new(binary_path()).arg(\"-h\").run().normalize_os_executable_name()"
---
success: true
exit_code: 0
----- stdout -----
flir: Find and Fix Lints in R Code

Usage: flir [OPTIONS] <FILES>...

Arguments:
  <FILES>...  List of files or directories to check or fix lints, for example `flir .`.

Options:
  -f, --fix                            Automatically fix issues detected by the linter.
  -u, --unsafe-fixes                   Include fixes that may not retain the original intent of the  code.
      --fix-only                       Apply fixes to resolve lint violations, but don't report on leftover violations. Implies `--fix`.
  -s, --select-rules <SELECT_RULES>    Names of rules to include, separated by a comma (no spaces). [default: ]
  -i, --ignore-rules <IGNORE_RULES>    Names of rules to exclude, separated by a comma (no spaces). [default: ]
  -w, --with-timing                    Show the time taken by the function.
  -m, --min-r-version <MIN_R_VERSION>  The mimimum R version to be used by the linter. Some rules only work starting from a specific version.
      --output-format <OUTPUT_FORMAT>  Output serialization format for violations. [default: concise] [possible values: concise, json]
  -h, --help                           Print help (see more with '--help')

For help with a specific command, see: `flir help <command>`.

----- stderr -----

----- args -----
-h
