---
source: crates/jarl-core/src/lints/dplyr/mod.rs
expression: "get_fixed_text(vec![\"x |> group_by(!!!syms(grps)) |> summarize(a = mean(b)) |> ungroup()\",],\n\"dplyr_group_by_ungroup\", None)"
---
OLD:
====
x |> group_by(!!!syms(grps)) |> summarize(a = mean(b)) |> ungroup()
NEW:
====
x |> summarize(a = mean(b), .by = c(!!!syms(grps)))
