---
source: crates/jarl-core/src/lints/base/redundant_ifelse/mod.rs
expression: "get_fixed_text(vec![\"ifelse(x > 0 & y < 10, TRUE, FALSE)\",\n\"ifelse(x > 0 | y < 10, FALSE, TRUE)\",\n\"ifelse(foo(bar(x)) == 'test', TRUE, FALSE)\",\n\"ifelse(!is.na(x) & x > 0, TRUE, FALSE)\",], \"redundant_ifelse\", None)"
---
OLD:
====
ifelse(x > 0 & y < 10, TRUE, FALSE)
NEW:
====
x > 0 & y < 10

OLD:
====
ifelse(x > 0 | y < 10, FALSE, TRUE)
NEW:
====
!(x > 0 | y < 10)

OLD:
====
ifelse(foo(bar(x)) == 'test', TRUE, FALSE)
NEW:
====
foo(bar(x)) == 'test'

OLD:
====
ifelse(!is.na(x) & x > 0, TRUE, FALSE)
NEW:
====
!is.na(x) & x > 0
