---
source: crates/jarl-core/src/lints/base/rep_len/mod.rs
expression: "get_unsafe_fixed_text(vec![\"rep(x, length.out = 4L)\",\n\"base::rep(length.out = 50, x = 1:10)\", \"rep(length.out = 50, 1:10)\",\n\"rep(1:10, 10:1, length.out = 50)\",\n\"rep(1:10, times = 10:1, length.out = 50)\", \"rep(1:10, 10:1, 50)\",\n\"rep(x = 1:2, 2, 50)\", \"rep(1:2, times = 2, 50)\",], \"rep_len\",)"
---
OLD:
====
rep(x, length.out = 4L)
NEW:
====
rep_len(x, 4L)

OLD:
====
base::rep(length.out = 50, x = 1:10)
NEW:
====
base::rep_len(1:10, 50)

OLD:
====
rep(length.out = 50, 1:10)
NEW:
====
rep_len(1:10, 50)

OLD:
====
rep(1:10, 10:1, length.out = 50)
NEW:
====
rep_len(1:10, 50)

OLD:
====
rep(1:10, times = 10:1, length.out = 50)
NEW:
====
rep_len(1:10, 50)

OLD:
====
rep(1:10, 10:1, 50)
NEW:
====
rep_len(1:10, 50)

OLD:
====
rep(x = 1:2, 2, 50)
NEW:
====
rep_len(1:2, 50)

OLD:
====
rep(1:2, times = 2, 50)
NEW:
====
rep_len(1:2, 50)
