---
source: crates/jarl/tests/integration/comments.rs
expression: "&mut\nCommand::new(binary_path()).current_dir(directory).arg(\"check\").arg(\".\").run().normalize_os_executable_name()"
---
success: false
exit_code: 1
----- stdout -----
warning: any_is_na
 --> test.R:2:1
  |
2 | / any(
3 | |   # nolint
4 | |   is.na(x)
5 | | )
  | |_- `any(is.na(...))` is inefficient.
  |
  = help: Use `anyNA(...)` instead.

warning: blanket_suppression
 --> test.R:3:3
  |
3 |   # nolint
  |   -------- This comment suppresses all possible violations of this node.
  |
  = help: Consider ignoring specific rules instead, e.g., `# nolint: any_is_na`.

Found 2 errors.

----- stderr -----

----- args -----
check .
