---
source: crates/jarl/tests/integration/comments.rs
expression: "&mut\nCommand::new(binary_path()).current_dir(directory).arg(\"check\").arg(\".\").run().normalize_os_executable_name()"
---
success: false
exit_code: 1
----- stdout -----
warning: unmatched_range_suppression
 --> test.R:2:1
  |
2 | # jarl-ignore-end any_is_na
  | --------------------------- This `jarl-ignore-end` has no matching `jarl-ignore-start` at the same nesting level.
  |
  = help: Add a matching `jarl-ignore-start` comment at the same nesting level.

warning: any_is_na
 --> test.R:3:1
  |
3 | any(is.na(x))
  | ------------- `any(is.na(...))` is inefficient.
  |
  = help: Use `anyNA(...)` instead.

Found 2 errors.
1 fixable with the `--fix` option.

----- stderr -----

----- args -----
check .
