---
source: crates/jarl/tests/integration/comments.rs
expression: "&mut\nCommand::new(binary_path()).current_dir(directory).arg(\"check\").arg(\".\").arg(\"--ignore\").arg(\"blanket_suppression\").run().normalize_os_executable_name()"
---
success: true
exit_code: 0
----- stdout -----
All checks passed!

----- stderr -----

----- args -----
check . --ignore blanket_suppression
