---
source: crates/jarl/tests/integration/toml.rs
expression: "&mut\nCommand::new(binary_path()).current_dir(directory).arg(\"check\").arg(\".\").run().normalize_os_executable_name().normalize_temp_paths()"
---
success: false
exit_code: 255
----- stdout -----

----- stderr -----
jarl failed
  Cause: Invalid configuration in [TEMP_DIR]/jarl.toml:
Unknown field `unknown_field` in `[lint]`. Expected one of: `select`, `extend-select`, `ignore`, `fixable`, `unfixable`, `exclude`, `default-exclude`.

----- args -----
check .
