---
source: crates/jarl/tests/integration/comments.rs
expression: "&mut\nCommand::new(binary_path()).current_dir(directory).arg(\"check\").arg(\".\").run().normalize_os_executable_name()"
---
success: false
exit_code: 1
----- stdout -----
warning: misnamed_suppression
 --> test.R:2:1
  |
2 | # jarl-ignore not_a_real_rule: some reason
  | ------------------------------------------ This comment isn't used by Jarl because it contains an unrecognized rule name.
  |
  = help: Check the rule name for typos.

warning: any_is_na
 --> test.R:3:1
  |
3 | any(is.na(x))
  | ------------- `any(is.na(...))` is inefficient.
  |
  = help: Use `anyNA(...)` instead.

Found 2 errors.
1 fixable with the `--fix` option.

----- stderr -----

----- args -----
check .
