---
source: crates/jarl/tests/integration/toml_rule_args.rs
expression: "&mut\nCommand::new(binary_path()).current_dir(directory).arg(\"check\").arg(\".\").run().normalize_os_executable_name().normalize_temp_paths()"
---
success: false
exit_code: 255
----- stdout -----

----- stderr -----
jarl failed
  Cause: Invalid configuration in [TEMP_DIR]/jarl.toml:
Cannot specify both `skipped-functions` and `extend-skipped-functions` in `[lint.duplicated-arguments]`.

----- args -----
check .
