---
source: crates/jarl-core/src/lints/base/lengths/mod.rs
expression: "get_fixed_text(vec![\"sapply(x, length)\", \"sapply(x, FUN = length)\",\n\"sapply(X = x, FUN = length)\", \"vapply(mtcars, length, integer(1))\",],\n\"lengths\", None)"
---
OLD:
====
sapply(x, length)
NEW:
====
lengths(x)

OLD:
====
sapply(x, FUN = length)
NEW:
====
lengths(x)

OLD:
====
sapply(X = x, FUN = length)
NEW:
====
lengths(x)

OLD:
====
vapply(mtcars, length, integer(1))
NEW:
====
lengths(mtcars)
