---
source: crates/jarl-core/src/lints/base/condition_call/mod.rs
expression: "get_unsafe_fixed_text(vec![\"stop('boom')\", \"stop('a', 'b')\", \"stop()\",\n\"stop('boom', call. = TRUE, domain = x)\",\n\"stop('boom', domain = x, call. = TRUE)\", \"stop(call. = TRUE)\",\n\"stop('boom', call. =)\",], \"condition_call\",)"
---
OLD:
====
stop('boom')
NEW:
====
stop('boom', call. = FALSE)

OLD:
====
stop('a', 'b')
NEW:
====
stop('a', 'b', call. = FALSE)

OLD:
====
stop()
NEW:
====
stop(call. = FALSE)

OLD:
====
stop('boom', call. = TRUE, domain = x)
NEW:
====
stop('boom', call. = FALSE, domain = x)

OLD:
====
stop('boom', domain = x, call. = TRUE)
NEW:
====
stop('boom', domain = x, call. = FALSE)

OLD:
====
stop(call. = TRUE)
NEW:
====
stop(call. = FALSE)

OLD:
====
stop('boom', call. =)
NEW:
====
stop('boom', call. =FALSE
