---
source: crates/jarl-core/src/lints/testthat/expect_type/mod.rs
expression: "get_fixed_text(vec![\"# leading comment\\nexpect_equal(typeof(x), 'double')\",\n\"expect_equal(typeof(x), # comment\\n'integer')\",\n\"expect_true(is.character(x)) # trailing comment\",], \"expect_type\", None)"
---
OLD:
====
# leading comment
expect_equal(typeof(x), 'double')
NEW:
====
# leading comment
expect_type(x, 'double')

OLD:
====
expect_equal(typeof(x), # comment
'integer')
NEW:
====
expect_equal(typeof(x), # comment
'integer')

OLD:
====
expect_true(is.character(x)) # trailing comment
NEW:
====
expect_type(x, "character") # trailing comment
