---
source: crates/jarl-core/src/lints/base/literal_coercion/mod.rs
expression: "get_fixed_text(vec![\"as.integer(1)\", \"as.numeric(1)\", \"as.character(1)\",\n\"as.logical(\\\"true\\\")\", \"as.integer(NA)\", \"as.character(NA)\", \"lgl(1L)\",\n\"rlang::lgl(1L)\", \"int(1, )\",], \"literal_coercion\", None)"
---
OLD:
====
as.integer(1)
NEW:
====
1L

OLD:
====
as.numeric(1)
NEW:
====
1

OLD:
====
as.character(1)
NEW:
====
"1"

OLD:
====
as.logical("true")
NEW:
====
TRUE

OLD:
====
as.integer(NA)
NEW:
====
NA_integer_

OLD:
====
as.character(NA)
NEW:
====
NA_character_

OLD:
====
lgl(1L)
NEW:
====
TRUE

OLD:
====
rlang::lgl(1L)
NEW:
====
TRUE

OLD:
====
int(1, )
NEW:
====
1L
