---
source: crates/jarl-core/src/lints/base/nzchar/mod.rs
expression: "get_fixed_text(vec![\"# leading comment\\nx == ''\", \"x # comment\\n== ''\",\n\"x == '' # trailing comment\",], \"nzchar\", None)"
---
OLD:
====
# leading comment
x == ''
NEW:
====
# leading comment
x == ''

OLD:
====
x # comment
== ''
NEW:
====
x # comment
== ''

OLD:
====
x == '' # trailing comment
NEW:
====
x == '' # trailing comment
